{"phase": "campaign_start", "selected": 40, "missing_esg_in_selection": 40, "sample": ["00002.HK", "000037.SZ", "000049.SZ", "000096.SZ", "000155.SZ", "000407.SZ", "000421.SZ", "000537.SZ", "000539.SZ", "000591.SZ"]}
[discover] 1/40 00002.HK clpgroup.com
[discover] 2/40 000037.SZ stcn.com
[discover] 3/40 000049.SZ desaybattery.com.cn
[discover] 4/40 000096.SZ gj000096.com
[discover] 5/40 000155.SZ cndl155.com
[discover] 6/40 000407.SZ vicome.com
[discover] 7/40 000421.SZ njpud.com
[discover] 8/40 000537.SZ cge.cn
[discover] 9/40 000539.SZ ged.com.cn
[discover] 10/40 000591.SZ cecsec.cn
[discover] 11/40 000593.SZ dlceg.com
[discover] 12/40 000601.SZ shaoneng.com.cn
[discover] 13/40 000637.SZ mhshgf.cn
[discover] 14/40 00065.HK grandocean65.com
[discover] 15/40 000682.SZ dongfangelec.com
[discover] 16/40 000692.SZ htrd.cn
[discover] 17/40 000703.SZ hengyishihua.com
[discover] 18/40 000720.SZ xntsgs.com
[discover] 19/40 000722.SZ hnfzgf.com
[discover] 20/40 000875.SZ spicjl.com
[discover] 21/40 000883.SZ hbny.com.cn
[discover] 22/40 000966.SZ cydl.com.cn
[discover] 23/40 000968.SZ sxlykg.huaxingas.com
[discover] 24/40 000993.SZ mdep.com.cn
[discover] 25/40 001208.SZ hlxl.com
[discover] 26/40 001269.SZ ojingquartz.com
[discover] 27/40 001283.SZ highpowertech.com
[discover] 28/40 001289.SZ clypg.com.cn
[discover] 29/40 001331.SZ senton.cn
[discover] 30/40 001376.SZ jjckb.cn
[discover] 31/40 001896.SZ yuneng.com.cn
[discover] 32/40 002039.SZ gzqydl.cn
[discover] 33/40 002056.SZ dmegc.com.cn
[discover] 34/40 00206.HK cm-energy.com
[discover] 35/40 002060.SZ gdcegs.com
[discover] 36/40 002112.SZ sanbian.cn
[discover] 37/40 002121.SZ szclou.com
[discover] 38/40 002125.SZ chinaemd.com
[discover] 39/40 002169.SZ gzzg.com.cn
[discover] 40/40 002196.SZ fdm.com.cn
{"phase": "discover_done", "discovery_rows": 371, "pdf_hits": 0, "accept_rows": 0, "esg_accepts": 0}
{"policy_version": "verified-domain-download-campaign-v1", "started_at": "2026-08-06T10:17:20+08:00", "finished_at": "2026-08-06T10:17:20+08:00", "reviewer": "郭海飞", "selected_companies": 40, "missing_esg_priority": 40, "pdf_hits": 0, "accepted_rows": 0, "apply_status": "skipped_no_accepts", "queue_rows_updated": null, "downloaded_records": 0, "failure_count": 0, "scoring_authorized": false, "formal_publishable": false, "output_root": "data/raw/issuer_official_website_collection"}
